// Jest Snapshot v1, https://goo.gl/fbAQLP

exports[`should render ExpenseList with empty message 1`] = `
<div
  className="content-container"
>
  <div
    className="list-header"
  >
    <div
      className="show-for-mobile"
    >
      Expenses
    </div>
    <div
      className="show-for-desktop"
    >
      Expense
    </div>
    <div
      className="show-for-desktop"
    >
      Amount
    </div>
  </div>
  <div
    className="list-body"
  >
    <div
      className="list-item--message"
    >
      <span>
        No Expenses
      </span>
    </div>
  </div>
</div>
`;

exports[`should render ExpenseList with expenses 1`] = `
<div
  className="content-container"
>
  <div
    className="list-header"
  >
    <div
      className="show-for-mobile"
    >
      Expenses
    </div>
    <div
      className="show-for-desktop"
    >
      Expense
    </div>
    <div
      className="show-for-desktop"
    >
      Amount
    </div>
  </div>
  <div
    className="list-body"
  >
    <ExpenseListItem
      account="Bank of America"
      amount={195}
      business="walmart"
      category="Gum"
      createdAt={0}
      id="1"
      key="1"
      note=""
      purchaseDate={0}
      tag=""
      updatedAt={0}
    />
    <ExpenseListItem
      account="Bank of America"
      amount={109500}
      business=""
      category="Rent"
      createdAt={500}
      id="2"
      key="2"
      note=""
      purchaseDate={-345600000}
      tag=""
      updatedAt={700}
    />
    <ExpenseListItem
      account="Chase"
      amount={4500}
      business=""
      category="Credit Card"
      createdAt={1000}
      id="3"
      key="3"
      note=""
      purchaseDate={345600000}
      tag="warranty"
      updatedAt={5000}
    />
  </div>
</div>
`;
