// Jest Snapshot v1, https://goo.gl/fbAQLP

exports[`should render the dashboard page 1`] = `
<div>
  <Connect(AccountSummary) />
  <Connect(AccountListFilters) />
  <Connect(AccountList) />
</div>
`;
