// Jest Snapshot v1, https://goo.gl/fbAQLP

exports[`should render EditExpensePage 1`] = `
<div>
  <div
    className="page-header"
  >
    <div
      className="content-container"
    >
      <h1
        className="page-header__title"
      >
         Edit Expense
      </h1>
    </div>
  </div>
  <div
    className="content-container"
  >
    <ExpenseForm
      expense={
        Object {
          "amount": 4500,
          "business": "",
          "category": "Credit Card",
          "createdAt": 1000,
          "id": "3",
          "note": "",
          "purchaseDate": 345600000,
          "updatedAt": 5000,
        }
      }
      onSubmit={[Function]}
    />
    <button
      className="button--secondary"
      onClick={[Function]}
    >
      Remove Expense
    </button>
  </div>
</div>
`;
