// Jest Snapshot v1, https://goo.gl/fbAQLP

exports[`render page with no data 1`] = `
<div>
  <div
    className="page-header"
  >
    <div
      className="content-container"
    >
      <h1
        className="page-header__title"
      >
         Import Categories 
      </h1>
      <h2
        className="page-header__subtitle"
      >
        Manually input or import csv data to add multiple categories simultaneously
      </h2>
      <ImportSummary
        className="page-header__subtitle"
        qty={Array []}
        wordPlural="categories"
        wordSingular="category"
      />
    </div>
  </div>
  <_default
    dataFormat={
      Array [
        "Category",
        "Description",
      ]
    }
  />
  <ImportUploadCategories
    data={Array []}
    onDataUpload={[Function]}
    validation={Array []}
  />
  <div
    className="content-container"
  >
    <div
      className="list-header"
    >
      <h4
        className="show-for-mobile"
      >
        Category List 
      </h4>
      <h4
        className="show-for-desktop"
      >
        Category
      </h4>
      <h4
        className="show-for-desktop"
      >
        Description
      </h4>
    </div>
    <div
      className="list-body"
    />
    <div
      className="content-container--buttons"
    >
      <button
        className="button"
        onClick={[Function]}
      >
        Add Data
      </button>
      <button
        className="button--check"
        disabled={true}
        onClick={[Function]}
      >
        Check Data
      </button>
      <button
        className="button"
        disabled={true}
        onClick={[Function]}
      >
        Submit Data
      </button>
    </div>
  </div>
</div>
`;
