// Jest Snapshot v1, https://goo.gl/fbAQLP

exports[`should render TagListFilters correctly 1`] = `
<div
  className="content-container"
>
  <div
    className="input-group"
  >
    <div
      className="input-group__item"
    >
      <input
        className="text-input"
        onChange={[Function]}
        placeholder="search tags"
        type="text"
        value=""
      />
    </div>
  </div>
</div>
`;
