// Jest Snapshot v1, https://goo.gl/fbAQLP

exports[`should render EditCategoryPage 1`] = `
<div>
  <div
    className="page-header"
  >
    <div
      className="content-container"
    >
      <h1
        className="page-header__title"
      >
         Edit Category
      </h1>
    </div>
  </div>
  <div
    className="content-container"
  >
    <CategoryForm
      categories={
        Object {
          "category": "Dog",
          "description": "dog costs",
          "id": "1",
        }
      }
      onSubmit={[Function]}
    />
    <button
      className="button--secondary"
      onClick={[Function]}
    >
      Remove Category
    </button>
  </div>
</div>
`;
