// Jest Snapshot v1, https://goo.gl/fbAQLP

exports[`should render the dashboard page 1`] = `
<div>
  <Connect(TagSummary) />
  <Connect(TagListFilters) />
  <Connect(TagList) />
</div>
`;
